[0m09:32:32.750407 [debug] [MainThread]: Sending event: {'category': 'dbt', 'action': 'invocation', 'label': 'start', 'context': [<snowplow_tracker.self_describing_json.SelfDescribingJson object at 0x77358327a510>, <snowplow_tracker.self_describing_json.SelfDescribingJson object at 0x7735826339d0>, <snowplow_tracker.self_describing_json.SelfDescribingJson object at 0x773582627d90>]}


============================== 09:32:32.756230 | 58579590-bc6d-426d-848c-e41a88c78c46 ==============================
[0m09:32:32.756230 [info ] [MainThread]: Running with dbt=1.9.6
[0m09:32:32.757311 [debug] [MainThread]: running dbt with arguments {'printer_width': '80', 'indirect_selection': 'eager', 'log_cache_events': 'False', 'write_json': 'True', 'partial_parse': 'True', 'cache_selected_only': 'False', 'profiles_dir': '/home/amon/.dbt', 'fail_fast': 'False', 'warn_error': 'None', 'log_path': 'logs', 'version_check': 'True', 'debug': 'False', 'use_colors': 'True', 'use_experimental_parser': 'False', 'empty': 'None', 'quiet': 'False', 'no_print': 'None', 'warn_error_options': 'WarnErrorOptions(include=[], exclude=[])', 'introspect': 'True', 'invocation_command': 'dbt init', 'log_format': 'default', 'target_path': 'None', 'static_parser': 'True', 'send_anonymous_usage_stats': 'True'}
[0m09:32:45.369729 [debug] [MainThread]: Starter project path: /home/amon/workspace/data-platform/config-local/.venv/lib/python3.13/site-packages/dbt/include/starter_project
[0m09:32:45.373807 [info ] [MainThread]: 
Your new dbt project "data_warehouse" was created!

For more information on how to configure the profiles.yml file,
please consult the dbt documentation here:

  https://docs.getdbt.com/docs/configure-your-profile

One more thing:

Need help? Don't hesitate to reach out to us via GitHub issues or on Slack:

  https://community.getdbt.com/

Happy modeling!

[0m09:32:45.374592 [info ] [MainThread]: Setting up your profile.
[0m09:34:10.237614 [info ] [MainThread]: Profile data_warehouse written to /home/amon/.dbt/profiles.yml using target's profile_template.yml and your supplied values. Run 'dbt debug' to validate the connection.
[0m09:34:10.239230 [debug] [MainThread]: Resource report: {"command_name": "init", "command_success": true, "command_wall_clock_time": 97.59345, "process_in_blocks": "0", "process_kernel_time": 0.20964, "process_mem_max_rss": "102772", "process_out_blocks": "448", "process_user_time": 2.583339}
[0m09:34:10.240299 [debug] [MainThread]: Command `dbt init` succeeded at 09:34:10.240032 after 97.59 seconds
[0m09:34:10.241075 [debug] [MainThread]: Sending event: {'category': 'dbt', 'action': 'invocation', 'label': 'end', 'context': [<snowplow_tracker.self_describing_json.SelfDescribingJson object at 0x77358235ab10>, <snowplow_tracker.self_describing_json.SelfDescribingJson object at 0x7735829579b0>, <snowplow_tracker.self_describing_json.SelfDescribingJson object at 0x7735824da9c0>]}
[0m09:34:10.241946 [debug] [MainThread]: Flushing usage events
[0m09:34:11.250323 [debug] [MainThread]: An error was encountered while trying to flush usage events
